newpackage\Main$28.class
newpackage\Main$38.class
newpackage\Main$48.class
newpackage\Main$5.class
newpackage\Main$18.class
newpackage\Main$21.class
newpackage\Main$31.class
newpackage\Main$41.class
newpackage\Main$51.class
newpackage\Main$61.class
newpackage\Main$11.class
newpackage\Main$58.class
model\SEXE.class
newpackage\Main$64.class
newpackage\Main$8.class
model\Location.class
newpackage\Main$25.class
newpackage\Main$44.class
newpackage\Main$54.class
newpackage\Main$35.class
newpackage\Main$15.class
service\VilleHttp.class
newpackage\Main$45.class
service\SmartBuildingHtttp.class
newpackage\Main.class
model\Employee.class
newpackage\Main$2.class
newpackage\Main$12.class
model\ClientIndividu.class
service\LocationHttp.class
newpackage\Main$57.class
service\WorkSpaceHttp.class
newpackage\Main$14.class
newpackage\Main$49.class
newpackage\Main$55.class
newpackage\Main$29.class
newpackage\Main$34.class
newpackage\Main$4.class
newpackage\Main$40.class
newpackage\Main$60.class
newpackage\Main$20.class
newpackage\Main$1.class
newpackage\Main$63.class
newpackage\Main$43.class
model\Reservation.class
model\Ville.class
newpackage\Main$26.class
newpackage\Main$46.class
service\ClientHttp.class
model\Client.class
model\WorkSpaceType.class
newpackage\Main$13.class
newpackage\Main$23.class
newpackage\Main$3.class
service\ReservationHttp.class
model\SmartBuilding.class
service\EtageHttp.class
service\EmployeeHttp.class
newpackage\Main$7.class
newpackage\Main$17.class
model\ClientEntreprise.class
newpackage\Main$27.class
newpackage\Main$37.class
newpackage\Main$42.class
newpackage\Main$32.class
newpackage\Main$52.class
newpackage\Main$62.class
newpackage\Main$22.class
newpackage\Main$47.class
newpackage\Main$30.class
newpackage\Main$39.class
newpackage\Main$9.class
newpackage\Main$24.class
newpackage\Main$50.class
newpackage\Main$59.class
newpackage\Main$19.class
newpackage\Main$10.class
newpackage\Main$16.class
model\Etage.class
newpackage\Main$53.class
newpackage\Main$33.class
model\WorkSpace.class
newpackage\Main$36.class
newpackage\Main$56.class
newpackage\Main$6.class
