C:\Users\HAMZA\Downloads\clientV3\src\main\java\model\WorkSpace.java
C:\Users\HAMZA\Downloads\clientV3\src\main\java\model\SEXE.java
C:\Users\HAMZA\Downloads\clientV3\src\main\java\service\WorkSpaceHttp.java
C:\Users\HAMZA\Downloads\clientV3\src\main\java\model\Employee.java
C:\Users\HAMZA\Downloads\clientV3\src\main\java\model\Reservation.java
C:\Users\HAMZA\Downloads\clientV3\src\main\java\service\ReservationHttp.java
C:\Users\HAMZA\Downloads\clientV3\src\main\java\model\Etage.java
C:\Users\HAMZA\Downloads\clientV3\src\main\java\service\VilleHttp.java
C:\Users\HAMZA\Downloads\clientV3\src\main\java\model\ClientIndividu.java
C:\Users\HAMZA\Downloads\clientV3\src\main\java\model\Location.java
C:\Users\HAMZA\Downloads\clientV3\src\main\java\service\LocationHttp.java
C:\Users\HAMZA\Downloads\clientV3\src\main\java\model\WorkSpaceType.java
C:\Users\HAMZA\Downloads\clientV3\src\main\java\service\ClientHttp.java
C:\Users\HAMZA\Downloads\clientV3\src\main\java\model\Ville.java
C:\Users\HAMZA\Downloads\clientV3\src\main\java\service\EmployeeHttp.java
C:\Users\HAMZA\Downloads\clientV3\src\main\java\model\Client.java
C:\Users\HAMZA\Downloads\clientV3\src\main\java\model\SmartBuilding.java
C:\Users\HAMZA\Downloads\clientV3\src\main\java\service\SmartBuildingHtttp.java
C:\Users\HAMZA\Downloads\clientV3\src\main\java\model\ClientEntreprise.java
C:\Users\HAMZA\Downloads\clientV3\src\main\java\service\EtageHttp.java
C:\Users\HAMZA\Downloads\clientV3\src\main\java\newpackage\Main.java
